
> ondary@0.0.0 start
> ng serve --host 127.0.0.1 --port 4201

[33m>[39m Building...
[32m√[39m Building...
[1mInitial chunk files[22m[2m | [22m[1mNames[22m                   [2m | [22m [1mRaw size[22m
[32mstyles.css[39m         [2m | [22m[2mstyles[22m                  [2m | [22m [36m94.58 kB[39m[2m | [22m
[32mmain.js[39m            [2m | [22m[2mmain[22m                    [2m | [22m [36m32.21 kB[39m[2m | [22m
[32mchunk-E67RTULX.js[39m  [2m | [22m[2m-[22m                       [2m | [22m  [36m5.43 kB[39m[2m | [22m
[32mchunk-YX5PF5Z4.js[39m  [2m | [22m[2m-[22m                       [2m | [22m  [36m4.92 kB[39m[2m | [22m
[32mchunk-HNPSQEKF.js[39m  [2m | [22m[2m-[22m                       [2m | [22m  [36m3.86 kB[39m[2m | [22m
[32mchunk-P5RIFCZE.js[39m  [2m | [22m[2m-[22m                       [2m | [22m  [36m3.21 kB[39m[2m | [22m
[32mchunk-Q76RDSA5.js[39m  [2m | [22m[2m-[22m                       [2m | [22m  [36m2.21 kB[39m[2m | [22m
[32mchunk-YUZJ3F7T.js[39m  [2m | [22m[2m-[22m                       [2m | [22m  [36m1.85 kB[39m[2m | [22m
[32mchunk-EQNUQMZP.js[39m  [2m | [22m[2m-[22m                       [2m | [22m  [36m1.64 kB[39m[2m | [22m
[32mchunk-SZAMTX4Y.js[39m  [2m | [22m[2m-[22m                       [2m | [22m[36m415 bytes[39m[2m | [22m
[32mpolyfills.js[39m       [2m | [22m[2mpolyfills[22m               [2m | [22m [36m95 bytes[39m[2m | [22m

[1m [22m                  [2m | [22m[1mInitial total[22m           [2m | [22m[1m150.43 kB[22m

[1mLazy chunk files[22m   [2m | [22m[1mNames[22m                   [2m | [22m [1mRaw size[22m
[32mchunk-2W77JVP7.js[39m  [2m | [22m[2m-[22m                       [2m | [22m[36m219.19 kB[39m[2m | [22m
[32mchunk-KIW2JROO.js[39m  [2m | [22m[2mtask-module[22m             [2m | [22m[36m156.06 kB[39m[2m | [22m
[32mchunk-5U4PSGVT.js[39m  [2m | [22m[2mhome-component[22m          [2m | [22m[36m148.88 kB[39m[2m | [22m
[32mchunk-CYASYJZD.js[39m  [2m | [22m[2m-[22m                       [2m | [22m [36m95.87 kB[39m[2m | [22m
[32mchunk-P2CJSJH6.js[39m  [2m | [22m[2mlayout-component[22m        [2m | [22m [36m68.64 kB[39m[2m | [22m
[32mchunk-XKIBT4WY.js[39m  [2m | [22m[2mmy-reports-component[22m    [2m | [22m [36m63.13 kB[39m[2m | [22m
[32mchunk-EQ6CK3ET.js[39m  [2m | [22m[2mproject-module[22m          [2m | [22m [36m56.71 kB[39m[2m | [22m
[32mchunk-6OISLXAT.js[39m  [2m | [22m[2mtimelog-routing-module[22m  [2m | [22m [36m46.50 kB[39m[2m | [22m
[32mchunk-2SGRBX5E.js[39m  [2m | [22m[2mteam-members-component[22m  [2m | [22m [36m43.93 kB[39m[2m | [22m
[32mchunk-65CP2FFO.js[39m  [2m | [22m[2mactivity-log-component[22m  [2m | [22m [36m42.10 kB[39m[2m | [22m
[32mchunk-EWI6YBOD.js[39m  [2m | [22m[2mbackup-restore-component[22m[2m | [22m [36m34.65 kB[39m[2m | [22m
[32mchunk-F2E2HVJO.js[39m  [2m | [22m[2mmember-add-component[22m    [2m | [22m [36m23.71 kB[39m[2m | [22m
[32mchunk-AATADWYC.js[39m  [2m | [22m[2m-[22m                       [2m | [22m [36m20.05 kB[39m[2m | [22m
[32mchunk-MKY4QNEE.js[39m  [2m | [22m[2mlogin-component[22m         [2m | [22m [36m19.80 kB[39m[2m | [22m
[32mchunk-GAUOLAT2.js[39m  [2m | [22m[2m-[22m                       [2m | [22m [36m16.14 kB[39m[2m | [22m
[2m...and 6 more lazy chunks files. Use "--verbose" to show all the files.[22m

Application bundle generation complete. [34.032 seconds] - 2026-06-14T04:11:36.576Z

Watch mode enabled. Watching for file changes...
NOTE: Raw file sizes do not reflect development server per-request transformations.
  [32m➜[39m  [1mLocal[22m:   [36mhttp://127.0.0.1:[1m4201[22m/[39m
[33m>[39m Changes detected. Rebuilding...
[32m√[39m Changes detected. Rebuilding...
[1mInitial chunk files[22m[2m | [22m[1mNames[22m                 [2m | [22m [1mRaw size[22m
[32mmain.js[39m            [2m | [22m[2mmain[22m                  [2m | [22m [36m32.21 kB[39m[2m | [22m
[32mchunk-PSBEQTN3.js[39m  [2m | [22m[2m-[22m                     [2m | [22m  [36m1.96 kB[39m[2m | [22m

[1mLazy chunk files[22m   [2m | [22m[1mNames[22m                 [2m | [22m [1mRaw size[22m
[32mchunk-AFW6KFRD.js[39m  [2m | [22m[2m-[22m                     [2m | [22m[36m219.19 kB[39m[2m | [22m
[32mchunk-QK33TO6L.js[39m  [2m | [22m[2mtask-module[22m           [2m | [22m[36m156.06 kB[39m[2m | [22m
[32mchunk-EDCYGRZU.js[39m  [2m | [22m[2mhome-component[22m        [2m | [22m[36m148.88 kB[39m[2m | [22m
[32mchunk-AL7IN3TH.js[39m  [2m | [22m[2mlayout-component[22m      [2m | [22m [36m68.64 kB[39m[2m | [22m
[32mchunk-X26NLLGP.js[39m  [2m | [22m[2mmy-reports-component[22m  [2m | [22m [36m63.13 kB[39m[2m | [22m
[32mchunk-CHZPZFJT.js[39m  [2m | [22m[2mteam-members-component[22m[2m | [22m [36m43.93 kB[39m[2m | [22m

Application bundle generation complete. [109.422 seconds] - 2026-06-14T04:15:17.238Z

Page reload sent to client(s).
[33m>[39m Changes detected. Rebuilding...
[32m√[39m Changes detected. Rebuilding...
[1mInitial chunk files[22m[2m | [22m[1mNames[22m           [2m | [22m[1mRaw size[22m
[32mmain.js[39m            [2m | [22m[2mmain[22m            [2m | [22m[36m32.20 kB[39m[2m | [22m

[1mLazy chunk files[22m   [2m | [22m[1mNames[22m           [2m | [22m[1mRaw size[22m
[32mchunk-EN67HOLH.js[39m  [2m | [22m[2mlayout-component[22m[2m | [22m[36m68.64 kB[39m[2m | [22m

Application bundle generation complete. [5.991 seconds] - 2026-06-14T04:15:23.267Z

Page reload sent to client(s).
[33m>[39m Changes detected. Rebuilding...
[32m√[39m Changes detected. Rebuilding...
[1mInitial chunk files[22m[2m | [22m[1mNames[22m                   [2m | [22m [1mRaw size[22m
[32mstyles.css[39m         [2m | [22m[2mstyles[22m                  [2m | [22m [36m94.58 kB[39m[2m | [22m
[32mmain.js[39m            [2m | [22m[2mmain[22m                    [2m | [22m [36m32.20 kB[39m[2m | [22m
[32mchunk-E67RTULX.js[39m  [2m | [22m[2m-[22m                       [2m | [22m  [36m5.43 kB[39m[2m | [22m
[32mchunk-YX5PF5Z4.js[39m  [2m | [22m[2m-[22m                       [2m | [22m  [36m4.92 kB[39m[2m | [22m
[32mchunk-HNPSQEKF.js[39m  [2m | [22m[2m-[22m                       [2m | [22m  [36m3.86 kB[39m[2m | [22m
[32mchunk-P5RIFCZE.js[39m  [2m | [22m[2m-[22m                       [2m | [22m  [36m3.21 kB[39m[2m | [22m
[32mchunk-Q76RDSA5.js[39m  [2m | [22m[2m-[22m                       [2m | [22m  [36m2.21 kB[39m[2m | [22m
[32mchunk-PSBEQTN3.js[39m  [2m | [22m[2m-[22m                       [2m | [22m  [36m1.96 kB[39m[2m | [22m
[32mchunk-EQNUQMZP.js[39m  [2m | [22m[2m-[22m                       [2m | [22m  [36m1.64 kB[39m[2m | [22m
[32mchunk-SZAMTX4Y.js[39m  [2m | [22m[2m-[22m                       [2m | [22m[36m415 bytes[39m[2m | [22m
[32mpolyfills.js[39m       [2m | [22m[2mpolyfills[22m               [2m | [22m [36m95 bytes[39m[2m | [22m

[1m [22m                  [2m | [22m[1mInitial total[22m           [2m | [22m[1m150.54 kB[22m

[1mLazy chunk files[22m   [2m | [22m[1mNames[22m                   [2m | [22m [1mRaw size[22m
[32mchunk-AFW6KFRD.js[39m  [2m | [22m[2m-[22m                       [2m | [22m[36m219.19 kB[39m[2m | [22m
[32mchunk-QK33TO6L.js[39m  [2m | [22m[2mtask-module[22m             [2m | [22m[36m156.06 kB[39m[2m | [22m
[32mchunk-EDCYGRZU.js[39m  [2m | [22m[2mhome-component[22m          [2m | [22m[36m148.88 kB[39m[2m | [22m
[32mchunk-CYASYJZD.js[39m  [2m | [22m[2m-[22m                       [2m | [22m [36m95.87 kB[39m[2m | [22m
[32mchunk-EN67HOLH.js[39m  [2m | [22m[2mlayout-component[22m        [2m | [22m [36m68.64 kB[39m[2m | [22m
[32mchunk-X26NLLGP.js[39m  [2m | [22m[2mmy-reports-component[22m    [2m | [22m [36m63.13 kB[39m[2m | [22m
[32mchunk-EQ6CK3ET.js[39m  [2m | [22m[2mproject-module[22m          [2m | [22m [36m56.71 kB[39m[2m | [22m
[32mchunk-6OISLXAT.js[39m  [2m | [22m[2mtimelog-routing-module[22m  [2m | [22m [36m46.50 kB[39m[2m | [22m
[32mchunk-CHZPZFJT.js[39m  [2m | [22m[2mteam-members-component[22m  [2m | [22m [36m43.93 kB[39m[2m | [22m
[32mchunk-65CP2FFO.js[39m  [2m | [22m[2mactivity-log-component[22m  [2m | [22m [36m42.10 kB[39m[2m | [22m
[32mchunk-EWI6YBOD.js[39m  [2m | [22m[2mbackup-restore-component[22m[2m | [22m [36m34.65 kB[39m[2m | [22m
[32mchunk-F2E2HVJO.js[39m  [2m | [22m[2mmember-add-component[22m    [2m | [22m [36m23.71 kB[39m[2m | [22m
[32mchunk-AATADWYC.js[39m  [2m | [22m[2m-[22m                       [2m | [22m [36m20.05 kB[39m[2m | [22m
[32mchunk-MKY4QNEE.js[39m  [2m | [22m[2mlogin-component[22m         [2m | [22m [36m19.80 kB[39m[2m | [22m
[32mchunk-GAUOLAT2.js[39m  [2m | [22m[2m-[22m                       [2m | [22m [36m16.14 kB[39m[2m | [22m
[2m...and 6 more lazy chunks files. Use "--verbose" to show all the files.[22m

Application bundle generation complete. [13.593 seconds] - 2026-06-14T04:16:33.540Z

[33m>[39m Changes detected. Rebuilding...
[32m√[39m Changes detected. Rebuilding...
[1mInitial chunk files[22m[2m | [22m[1mNames[22m[2m | [22m[1mRaw size[22m
[32mmain.js[39m            [2m | [22m[2mmain[22m [2m | [22m[36m32.20 kB[39m[2m | [22m

Application bundle generation complete. [25.077 seconds] - 2026-06-14T04:20:51.271Z

Page reload sent to client(s).
[33m>[39m Changes detected. Rebuilding...
[32m√[39m Changes detected. Rebuilding...
[1mInitial chunk files[22m[2m | [22m[1mNames[22m           [2m | [22m[1mRaw size[22m
[32mmain.js[39m            [2m | [22m[2mmain[22m            [2m | [22m[36m32.20 kB[39m[2m | [22m

[1mLazy chunk files[22m   [2m | [22m[1mNames[22m           [2m | [22m[1mRaw size[22m
[32mchunk-LPNSQHFG.js[39m  [2m | [22m[2mlayout-component[22m[2m | [22m[36m68.64 kB[39m[2m | [22m

Application bundle generation complete. [9.717 seconds] - 2026-06-14T04:21:01.122Z

Page reload sent to client(s).
[33m>[39m Changes detected. Rebuilding...
[32m√[39m Changes detected. Rebuilding...
[1mInitial chunk files[22m[2m | [22m[1mNames[22m                   [2m | [22m [1mRaw size[22m
[32mstyles.css[39m         [2m | [22m[2mstyles[22m                  [2m | [22m [36m94.58 kB[39m[2m | [22m
[32mmain.js[39m            [2m | [22m[2mmain[22m                    [2m | [22m [36m32.20 kB[39m[2m | [22m
[32mchunk-E67RTULX.js[39m  [2m | [22m[2m-[22m                       [2m | [22m  [36m5.43 kB[39m[2m | [22m
[32mchunk-YX5PF5Z4.js[39m  [2m | [22m[2m-[22m                       [2m | [22m  [36m4.92 kB[39m[2m | [22m
[32mchunk-HNPSQEKF.js[39m  [2m | [22m[2m-[22m                       [2m | [22m  [36m3.86 kB[39m[2m | [22m
[32mchunk-P5RIFCZE.js[39m  [2m | [22m[2m-[22m                       [2m | [22m  [36m3.21 kB[39m[2m | [22m
[32mchunk-Q76RDSA5.js[39m  [2m | [22m[2m-[22m                       [2m | [22m  [36m2.21 kB[39m[2m | [22m
[32mchunk-PSBEQTN3.js[39m  [2m | [22m[2m-[22m                       [2m | [22m  [36m1.96 kB[39m[2m | [22m
[32mchunk-EQNUQMZP.js[39m  [2m | [22m[2m-[22m                       [2m | [22m  [36m1.64 kB[39m[2m | [22m
[32mchunk-SZAMTX4Y.js[39m  [2m | [22m[2m-[22m                       [2m | [22m[36m415 bytes[39m[2m | [22m
[32mpolyfills.js[39m       [2m | [22m[2mpolyfills[22m               [2m | [22m [36m95 bytes[39m[2m | [22m

[1m [22m                  [2m | [22m[1mInitial total[22m           [2m | [22m[1m150.54 kB[22m

[1mLazy chunk files[22m   [2m | [22m[1mNames[22m                   [2m | [22m [1mRaw size[22m
[32mchunk-AFW6KFRD.js[39m  [2m | [22m[2m-[22m                       [2m | [22m[36m219.19 kB[39m[2m | [22m
[32mchunk-QK33TO6L.js[39m  [2m | [22m[2mtask-module[22m             [2m | [22m[36m156.06 kB[39m[2m | [22m
[32mchunk-EDCYGRZU.js[39m  [2m | [22m[2mhome-component[22m          [2m | [22m[36m148.88 kB[39m[2m | [22m
[32mchunk-CYASYJZD.js[39m  [2m | [22m[2m-[22m                       [2m | [22m [36m95.87 kB[39m[2m | [22m
[32mchunk-LPNSQHFG.js[39m  [2m | [22m[2mlayout-component[22m        [2m | [22m [36m68.64 kB[39m[2m | [22m
[32mchunk-X26NLLGP.js[39m  [2m | [22m[2mmy-reports-component[22m    [2m | [22m [36m63.13 kB[39m[2m | [22m
[32mchunk-EQ6CK3ET.js[39m  [2m | [22m[2mproject-module[22m          [2m | [22m [36m56.71 kB[39m[2m | [22m
[32mchunk-6OISLXAT.js[39m  [2m | [22m[2mtimelog-routing-module[22m  [2m | [22m [36m46.50 kB[39m[2m | [22m
[32mchunk-CHZPZFJT.js[39m  [2m | [22m[2mteam-members-component[22m  [2m | [22m [36m43.93 kB[39m[2m | [22m
[32mchunk-65CP2FFO.js[39m  [2m | [22m[2mactivity-log-component[22m  [2m | [22m [36m42.10 kB[39m[2m | [22m
[32mchunk-EWI6YBOD.js[39m  [2m | [22m[2mbackup-restore-component[22m[2m | [22m [36m34.65 kB[39m[2m | [22m
[32mchunk-F2E2HVJO.js[39m  [2m | [22m[2mmember-add-component[22m    [2m | [22m [36m23.71 kB[39m[2m | [22m
[32mchunk-AATADWYC.js[39m  [2m | [22m[2m-[22m                       [2m | [22m [36m20.05 kB[39m[2m | [22m
[32mchunk-MKY4QNEE.js[39m  [2m | [22m[2mlogin-component[22m         [2m | [22m [36m19.80 kB[39m[2m | [22m
[32mchunk-GAUOLAT2.js[39m  [2m | [22m[2m-[22m                       [2m | [22m [36m16.14 kB[39m[2m | [22m
[2m...and 6 more lazy chunks files. Use "--verbose" to show all the files.[22m

Application bundle generation complete. [5.417 seconds] - 2026-06-14T04:21:55.612Z

[33m>[39m Changes detected. Rebuilding...
[32m√[39m Changes detected. Rebuilding...
[1mInitial chunk files[22m[2m | [22m[1mNames[22m                 [2m | [22m [1mRaw size[22m
[32mmain.js[39m            [2m | [22m[2mmain[22m                  [2m | [22m [36m32.20 kB[39m[2m | [22m

[1mLazy chunk files[22m   [2m | [22m[1mNames[22m                 [2m | [22m [1mRaw size[22m
[32mchunk-UDKLI6CU.js[39m  [2m | [22m[2m-[22m                     [2m | [22m[36m219.18 kB[39m[2m | [22m
[32mchunk-SSX2WTSD.js[39m  [2m | [22m[2mtask-module[22m           [2m | [22m[36m156.06 kB[39m[2m | [22m
[32mchunk-74KYODM2.js[39m  [2m | [22m[2mhome-component[22m        [2m | [22m[36m148.86 kB[39m[2m | [22m
[32mchunk-GZOWPSUO.js[39m  [2m | [22m[2mactivity-log-component[22m[2m | [22m [36m42.10 kB[39m[2m | [22m

Application bundle generation complete. [77.254 seconds] - 2026-06-14T04:25:54.099Z

Component update sent to client(s).
[33m>[39m Changes detected. Rebuilding...
[32m√[39m Changes detected. Rebuilding...
Application bundle generation failed. [113.761 seconds] - 2026-06-14T04:54:36.578Z

[33m>[39m Changes detected. Rebuilding...
[32m√[39m Changes detected. Rebuilding...
[1mInitial chunk files[22m[2m | [22m[1mNames[22m                   [2m | [22m [1mRaw size[22m
[32mstyles.css[39m         [2m | [22m[2mstyles[22m                  [2m | [22m [36m95.30 kB[39m[2m | [22m
[32mmain.js[39m            [2m | [22m[2mmain[22m                    [2m | [22m [36m32.20 kB[39m[2m | [22m
[32mchunk-E67RTULX.js[39m  [2m | [22m[2m-[22m                       [2m | [22m  [36m5.43 kB[39m[2m | [22m
[32mchunk-YX5PF5Z4.js[39m  [2m | [22m[2m-[22m                       [2m | [22m  [36m4.92 kB[39m[2m | [22m
[32mchunk-HNPSQEKF.js[39m  [2m | [22m[2m-[22m                       [2m | [22m  [36m3.86 kB[39m[2m | [22m
[32mchunk-P5RIFCZE.js[39m  [2m | [22m[2m-[22m                       [2m | [22m  [36m3.21 kB[39m[2m | [22m
[32mchunk-Q76RDSA5.js[39m  [2m | [22m[2m-[22m                       [2m | [22m  [36m2.21 kB[39m[2m | [22m
[32mchunk-PSBEQTN3.js[39m  [2m | [22m[2m-[22m                       [2m | [22m  [36m1.96 kB[39m[2m | [22m
[32mchunk-EQNUQMZP.js[39m  [2m | [22m[2m-[22m                       [2m | [22m  [36m1.64 kB[39m[2m | [22m
[32mchunk-SZAMTX4Y.js[39m  [2m | [22m[2m-[22m                       [2m | [22m[36m415 bytes[39m[2m | [22m
[32mpolyfills.js[39m       [2m | [22m[2mpolyfills[22m               [2m | [22m [36m95 bytes[39m[2m | [22m

[1m [22m                  [2m | [22m[1mInitial total[22m           [2m | [22m[1m151.25 kB[22m

[1mLazy chunk files[22m   [2m | [22m[1mNames[22m                   [2m | [22m [1mRaw size[22m
[32mchunk-UDKLI6CU.js[39m  [2m | [22m[2m-[22m                       [2m | [22m[36m219.18 kB[39m[2m | [22m
[32mchunk-SSX2WTSD.js[39m  [2m | [22m[2mtask-module[22m             [2m | [22m[36m156.06 kB[39m[2m | [22m
[32mchunk-74KYODM2.js[39m  [2m | [22m[2mhome-component[22m          [2m | [22m[36m148.86 kB[39m[2m | [22m
[32mchunk-CYASYJZD.js[39m  [2m | [22m[2m-[22m                       [2m | [22m [36m95.87 kB[39m[2m | [22m
[32mchunk-LPNSQHFG.js[39m  [2m | [22m[2mlayout-component[22m        [2m | [22m [36m68.64 kB[39m[2m | [22m
[32mchunk-X26NLLGP.js[39m  [2m | [22m[2mmy-reports-component[22m    [2m | [22m [36m63.13 kB[39m[2m | [22m
[32mchunk-EQ6CK3ET.js[39m  [2m | [22m[2mproject-module[22m          [2m | [22m [36m56.71 kB[39m[2m | [22m
[32mchunk-6OISLXAT.js[39m  [2m | [22m[2mtimelog-routing-module[22m  [2m | [22m [36m46.50 kB[39m[2m | [22m
[32mchunk-CHZPZFJT.js[39m  [2m | [22m[2mteam-members-component[22m  [2m | [22m [36m43.93 kB[39m[2m | [22m
[32mchunk-YWQCBTKD.js[39m  [2m | [22m[2mactivity-log-component[22m  [2m | [22m [36m43.72 kB[39m[2m | [22m
[32mchunk-QLG6R3RO.js[39m  [2m | [22m[2mbackup-restore-component[22m[2m | [22m [36m40.48 kB[39m[2m | [22m
[32mchunk-F2E2HVJO.js[39m  [2m | [22m[2mmember-add-component[22m    [2m | [22m [36m23.71 kB[39m[2m | [22m
[32mchunk-AATADWYC.js[39m  [2m | [22m[2m-[22m                       [2m | [22m [36m20.05 kB[39m[2m | [22m
[32mchunk-MKY4QNEE.js[39m  [2m | [22m[2mlogin-component[22m         [2m | [22m [36m19.80 kB[39m[2m | [22m
[32mchunk-GAUOLAT2.js[39m  [2m | [22m[2m-[22m                       [2m | [22m [36m16.14 kB[39m[2m | [22m
[2m...and 7 more lazy chunks files. Use "--verbose" to show all the files.[22m

Application bundle generation complete. [28.666 seconds] - 2026-06-14T04:55:05.748Z

Page reload sent to client(s).
[33m>[39m Changes detected. Rebuilding...
[32m√[39m Changes detected. Rebuilding...
[1mInitial chunk files[22m[2m | [22m[1mNames[22m                   [2m | [22m [1mRaw size[22m
[32mstyles.css[39m         [2m | [22m[2mstyles[22m                  [2m | [22m [36m95.30 kB[39m[2m | [22m
[32mmain.js[39m            [2m | [22m[2mmain[22m                    [2m | [22m [36m32.20 kB[39m[2m | [22m
[32mchunk-E67RTULX.js[39m  [2m | [22m[2m-[22m                       [2m | [22m  [36m5.43 kB[39m[2m | [22m
[32mchunk-YX5PF5Z4.js[39m  [2m | [22m[2m-[22m                       [2m | [22m  [36m4.92 kB[39m[2m | [22m
[32mchunk-HNPSQEKF.js[39m  [2m | [22m[2m-[22m                       [2m | [22m  [36m3.86 kB[39m[2m | [22m
[32mchunk-P5RIFCZE.js[39m  [2m | [22m[2m-[22m                       [2m | [22m  [36m3.21 kB[39m[2m | [22m
[32mchunk-Q76RDSA5.js[39m  [2m | [22m[2m-[22m                       [2m | [22m  [36m2.21 kB[39m[2m | [22m
[32mchunk-PSBEQTN3.js[39m  [2m | [22m[2m-[22m                       [2m | [22m  [36m1.96 kB[39m[2m | [22m
[32mchunk-EQNUQMZP.js[39m  [2m | [22m[2m-[22m                       [2m | [22m  [36m1.64 kB[39m[2m | [22m
[32mchunk-SZAMTX4Y.js[39m  [2m | [22m[2m-[22m                       [2m | [22m[36m415 bytes[39m[2m | [22m
[32mpolyfills.js[39m       [2m | [22m[2mpolyfills[22m               [2m | [22m [36m95 bytes[39m[2m | [22m

[1m [22m                  [2m | [22m[1mInitial total[22m           [2m | [22m[1m151.25 kB[22m

[1mLazy chunk files[22m   [2m | [22m[1mNames[22m                   [2m | [22m [1mRaw size[22m
[32mchunk-UDKLI6CU.js[39m  [2m | [22m[2m-[22m                       [2m | [22m[36m219.18 kB[39m[2m | [22m
[32mchunk-SSX2WTSD.js[39m  [2m | [22m[2mtask-module[22m             [2m | [22m[36m156.06 kB[39m[2m | [22m
[32mchunk-74KYODM2.js[39m  [2m | [22m[2mhome-component[22m          [2m | [22m[36m148.86 kB[39m[2m | [22m
[32mchunk-CYASYJZD.js[39m  [2m | [22m[2m-[22m                       [2m | [22m [36m95.87 kB[39m[2m | [22m
[32mchunk-LPNSQHFG.js[39m  [2m | [22m[2mlayout-component[22m        [2m | [22m [36m68.64 kB[39m[2m | [22m
[32mchunk-X26NLLGP.js[39m  [2m | [22m[2mmy-reports-component[22m    [2m | [22m [36m63.13 kB[39m[2m | [22m
[32mchunk-EQ6CK3ET.js[39m  [2m | [22m[2mproject-module[22m          [2m | [22m [36m56.71 kB[39m[2m | [22m
[32mchunk-6OISLXAT.js[39m  [2m | [22m[2mtimelog-routing-module[22m  [2m | [22m [36m46.50 kB[39m[2m | [22m
[32mchunk-CHZPZFJT.js[39m  [2m | [22m[2mteam-members-component[22m  [2m | [22m [36m43.93 kB[39m[2m | [22m
[32mchunk-YWQCBTKD.js[39m  [2m | [22m[2mactivity-log-component[22m  [2m | [22m [36m43.72 kB[39m[2m | [22m
[32mchunk-QLG6R3RO.js[39m  [2m | [22m[2mbackup-restore-component[22m[2m | [22m [36m40.48 kB[39m[2m | [22m
[32mchunk-F2E2HVJO.js[39m  [2m | [22m[2mmember-add-component[22m    [2m | [22m [36m23.71 kB[39m[2m | [22m
[32mchunk-AATADWYC.js[39m  [2m | [22m[2m-[22m                       [2m | [22m [36m20.05 kB[39m[2m | [22m
[32mchunk-MKY4QNEE.js[39m  [2m | [22m[2mlogin-component[22m         [2m | [22m [36m19.80 kB[39m[2m | [22m
[32mchunk-GAUOLAT2.js[39m  [2m | [22m[2m-[22m                       [2m | [22m [36m16.14 kB[39m[2m | [22m
[2m...and 7 more lazy chunks files. Use "--verbose" to show all the files.[22m

Application bundle generation complete. [15.738 seconds] - 2026-06-14T04:55:21.765Z

